src/stories/Card.stories.tsx(1,1): error TS6133: 'React' is declared but its value is never read.
src/stories/Card.stories.tsx(10,3): error TS6133: 'ChatCircle' is declared but its value is never read.
src/stories/Checkbox.stories.tsx(3,8): error TS6133: 'React' is declared but its value is never read.
src/stories/Chips.stories.tsx(9,3): error TS6133: 'User' is declared but its value is never read.
src/stories/Chips.stories.tsx(10,3): error TS6133: 'Star' is declared but its value is never read.
src/stories/Chips.stories.tsx(11,3): error TS6133: 'Globe' is declared but its value is never read.
src/stories/Paragraph.stories.tsx(3,1): error TS6133: 'React' is declared but its value is never read.
src/stories/Table.stories.tsx(2,17): error TS1484: 'TableColumn' is a type and must be imported using a type-only import when 'verbatimModuleSyntax' is enabled.
src/stories/Table.stories.tsx(3,10): error TS2724: '"../components/Chips"' has no exported member named 'Chips'. Did you mean 'Chip'?
src/stories/Table.stories.tsx(5,1): error TS6133: 'React' is declared but its value is never read.
vite.config.ts(10,9): error TS2769: No overload matches this call.
  The last overload gave the following error.
    Object literal may only specify known properties, and 'api' does not exist in type 'SassPreprocessorOptions'.
