
> wd@0.0.0 build
> tsc -b && vite build

src/components/Table.tsx(297,20): error TS1005: ',' expected.
vite.config.ts(10,9): error TS2769: No overload matches this call.
  The last overload gave the following error.
    Object literal may only specify known properties, and 'api' does not exist in type 'SassPreprocessorOptions'.
